// Jest Snapshot v1, https://goo.gl/fbAQLP

exports[`ECMA Import 1`] = `
"{
    "Properties": {
        "4": "Base",
        "5": "Extended",
        "Base": 4,
        "Extended": 5
    },
    "Type": {
        "Directory": "Directory",
        "Train": "Screaming-Train-Case",
        "Dash": "Train-Case"
    }
}"
`;
